Error: TODO: Implement enum equality
    at WasmEmitter.emitBinaryExpression (/Users/captbaritone/projects/wasm-compiler/examples/mood/WasmEmitter.ts:273:19)
    at WasmEmitter.emit (/Users/captbaritone/projects/wasm-compiler/examples/mood/WasmEmitter.ts:138:21)
    at WasmEmitter.emitBlockExpression (/Users/captbaritone/projects/wasm-compiler/examples/mood/WasmEmitter.ts:424:12)
    at WasmEmitter.emit (/Users/captbaritone/projects/wasm-compiler/examples/mood/WasmEmitter.ts:127:21)
    at cb (/Users/captbaritone/projects/wasm-compiler/examples/mood/WasmEmitter.ts:366:12)
    at ModuleContext.declareFunction (/Users/captbaritone/projects/wasm-compiler/index.ts:79:5)
    at WasmEmitter.emitFunctionDeclaration (/Users/captbaritone/projects/wasm-compiler/examples/mood/WasmEmitter.ts:361:28)
    at WasmEmitter.emit (/Users/captbaritone/projects/wasm-compiler/examples/mood/WasmEmitter.ts:125:21)
    at WasmEmitter.emitProgram (/Users/captbaritone/projects/wasm-compiler/examples/mood/WasmEmitter.ts:415:12)
    at WasmEmitter.emit (/Users/captbaritone/projects/wasm-compiler/examples/mood/WasmEmitter.ts:123:21)