Error: TODO: Implement struct equality
    at WasmEmitter.emit (/Users/captbaritone/projects/wasm-compiler/examples/mood/WasmEmitter.ts:260:23)
    at WasmEmitter.emit (/Users/captbaritone/projects/wasm-compiler/examples/mood/WasmEmitter.ts:134:16)
    at cb (/Users/captbaritone/projects/wasm-compiler/examples/mood/WasmEmitter.ts:117:16)
    at ModuleContext.declareFunction (/Users/captbaritone/projects/wasm-compiler/index.ts:69:5)
    at WasmEmitter.emit (/Users/captbaritone/projects/wasm-compiler/examples/mood/WasmEmitter.ts:113:32)
    at WasmEmitter.emit (/Users/captbaritone/projects/wasm-compiler/examples/mood/WasmEmitter.ts:97:16)
    at Object.emit (/Users/captbaritone/projects/wasm-compiler/examples/mood/WasmEmitter.ts:12:11)
    at compileImpl (/Users/captbaritone/projects/wasm-compiler/examples/mood/compiler.ts:15:11)
    at fn (/Users/captbaritone/projects/wasm-compiler/examples/mood/compiler.ts:8:30)
    at catchToResult (/Users/captbaritone/projects/wasm-compiler/examples/mood/DiagnosticError.ts:15:19)